// Jest Snapshot v1, https://goo.gl/fbAQLP

exports[`AllRunsList renders all runs 1`] = `
<div
  className="page"
>
  <RunList
    hideMetricMetadata={true}
    history={
      Object {
        "push": [MockFunction],
      }
    }
    location=""
    match=""
    onError={[Function]}
    onSelectionChange={[Function]}
    selectedIds={Array []}
    storageState="STORAGESTATE_AVAILABLE"
    toolbarProps={
      Object {
        "actions": Object {
          "archive": Object {
            "action": [Function],
            "disabled": true,
            "disabledTitle": "selectResourceArchive",
            "id": "archiveBtn",
            "title": "archive",
            "tooltip": "archive",
          },
          "cloneRun": Object {
            "action": [Function],
            "disabled": true,
            "disabledTitle": "selectRunClone",
            "id": "cloneBtn",
            "style": Object {
              "minWidth": 100,
            },
            "title": "cloneRun",
            "tooltip": "copyRunInitialState",
          },
          "compare": Object {
            "action": [Function],
            "disabled": true,
            "disabledTitle": "selectRunsCompare",
            "id": "compareBtn",
            "style": Object {
              "minWidth": 125,
            },
            "title": "Compare runs",
            "tooltip": "compareUpToTenRuns",
          },
          "newExperiment": Object {
            "action": [Function],
            "icon": [Function],
            "id": "newExperimentBtn",
            "outlined": true,
            "style": Object {
              "minWidth": 185,
            },
            "title": "createExperiment",
            "tooltip": "createNewExperiment",
          },
          "newRun": Object {
            "action": [Function],
            "icon": [Function],
            "id": "createNewRunBtn",
            "outlined": true,
            "primary": true,
            "style": Object {
              "minWidth": 130,
            },
            "title": "createRun",
            "tooltip": "createNewRun",
          },
          "refresh": Object {
            "action": [Function],
            "id": "refreshBtn",
            "title": "refresh",
            "tooltip": "refreshList",
          },
        },
        "breadcrumbs": Array [],
        "pageTitle": "Experiments",
      }
    }
    updateBanner={[MockFunction]}
    updateDialog={[MockFunction]}
    updateSnackbar={[MockFunction]}
    updateToolbar={[MockFunction]}
  />
</div>
`;
