// Jest Snapshot v1, https://goo.gl/fbAQLP

exports[`ArchivedExperiemnts renders archived experiments 1`] = `
<div
  className="page"
>
  <ExperimentList
    history={
      Object {
        "push": [MockFunction],
      }
    }
    location={Object {}}
    match={Object {}}
    onError={[Function]}
    storageState="STORAGESTATE_ARCHIVED"
    toolbarProps={
      Object {
        "actions": Object {
          "refresh": Object {
            "action": [Function],
            "id": "refreshBtn",
            "title": "refresh",
            "tooltip": "refreshList",
          },
        },
        "breadcrumbs": Array [],
        "pageTitle": "archive",
      }
    }
    updateBanner={[MockFunction]}
    updateDialog={[MockFunction]}
    updateSnackbar={[MockFunction]}
    updateToolbar={[MockFunction]}
  />
</div>
`;
