// Jest Snapshot v1, https://goo.gl/fbAQLP

exports[`ArchivedRuns renders archived runs 1`] = `
<div
  className="page"
>
  <RunList
    history={
      Object {
        "push": [MockFunction],
      }
    }
    location={Object {}}
    match={Object {}}
    onError={[Function]}
    onSelectionChange={[Function]}
    selectedIds={Array []}
    storageState="STORAGESTATE_ARCHIVED"
    toolbarProps={
      Object {
        "actions": Object {
          "deleteRun": Object {
            "action": [Function],
            "disabled": true,
            "disabledTitle": "Select at least one run to delete",
            "id": "deleteBtn",
            "title": "delete",
            "tooltip": "delete",
          },
          "refresh": Object {
            "action": [Function],
            "id": "refreshBtn",
            "title": "refresh",
            "tooltip": "refreshList",
          },
          "restore": Object {
            "action": [Function],
            "disabled": true,
            "disabledTitle": "selectResourceRestore",
            "id": "restoreBtn",
            "title": "restore",
            "tooltip": "restore",
          },
        },
        "breadcrumbs": Array [],
        "pageTitle": "archive",
      }
    }
    updateBanner={[MockFunction]}
    updateDialog={[MockFunction]}
    updateSnackbar={[MockFunction]}
    updateToolbar={[MockFunction]}
  />
</div>
`;
